// Jest Snapshot v1, https://goo.gl/fbAQLP

exports[`useRemirrorContext returns the provider context 1`] = `
Array [
  "active",
  "addHandler",
  "attributes",
  "attrs",
  "blur",
  "chain",
  "clearContent",
  "commands",
  "components",
  "defaultBlockNode",
  "focus",
  "getExtension",
  "getForcedUpdates",
  "getPluginState",
  "getPreviousState",
  "getRootProps",
  "getState",
  "helpers",
  "manager",
  "markTags",
  "marks",
  "nodeTags",
  "nodes",
  "plainTags",
  "pluginKeys",
  "plugins",
  "portalContainer",
  "renderSsr",
  "schema",
  "setContent",
  "ssrTransformer",
  "tags",
  "uid",
  "view",
]
`;
